// Vitest Snapshot v1, https://vitest.dev/guide/snapshot.html

exports[`Layout component > renders correctly Layout 1`] = `
{
  "asFragment": [Function],
  "baseElement": <body>
    <div>
      <header
        class="MuiPaper-root MuiPaper-elevation MuiPaper-elevation4 MuiAppBar-root MuiAppBar-colorPrimary MuiAppBar-positionSticky css-1c4k0hn-MuiPaper-root-MuiAppBar-root"
      >
        <div
          class="MuiContainer-root MuiContainer-maxWidthXl css-fx5za9-MuiContainer-root"
        >
          <a
            aria-label="link-welcome"
            class="MuiTypography-root MuiTypography-inherit MuiLink-root MuiLink-underlineAlways css-emsytx-MuiTypography-root-MuiLink-root"
            data-mui-internal-clone-element="true"
            href="#/welcome"
          >
            <svg
              aria-hidden="true"
              class="MuiSvgIcon-root MuiSvgIcon-fontSizeMedium css-109buvh-MuiSvgIcon-root"
              focusable="false"
              preserveAspectRatio="xMidYMid"
              viewBox="-16 0 288 288"
              xmlns="http://www.w3.org/2000/svg"
            >
              <g
                fill-rule="evenodd"
              >
                <path
                  d="M152.575995,32.9634453 L211.722058,67.1124427 C213.387503,65.348329 215.332859,63.7907081 217.539734,62.5088708 C229.806457,55.4573413 245.452038,59.6441869 252.577021,71.9109101 C259.62855,84.1776333 255.441705,99.8232143 243.174982,106.948197 C240.984974,108.207124 238.684929,109.10784 236.343812,109.66832 L236.343812,177.99302 C238.659582,178.554683 240.934429,179.449686 243.101528,180.695443 C255.441705,187.820426 259.62855,203.466007 252.503568,215.73273 C245.452038,227.999453 229.733004,232.186299 217.46628,225.13477 C215.024105,223.730884 212.902189,221.983449 211.125456,219.988103 L152.340162,253.928803 C153.180519,256.46808 153.635248,259.18431 153.635248,262.008393 C153.635248,276.111452 142.176512,287.64364 128,287.64364 C113.823488,287.64364 102.364752,276.184905 102.364752,262.008393 C102.364752,259.488481 102.726802,257.054441 103.40181,254.755362 L44.2714887,220.615454 C42.6238257,222.34493 40.705394,223.873378 38.5337196,225.13477 C26.193543,232.186299 10.547962,227.999453 3.49643248,215.73273 C-3.55509701,203.466007 0.631748621,187.820426 12.8984718,180.695443 C15.0673397,179.448669 17.3418356,178.553222 19.6561876,177.991646 L19.6561876,109.66832 C17.3150714,109.10784 15.0150257,108.207124 12.8250184,106.948197 C0.558295189,99.8966677 -3.62855044,84.1776333 3.42297904,71.9109101 C10.4745085,59.6441869 26.193543,55.4573413 38.4602662,62.5088708 C40.6551374,63.7837361 42.5913269,65.3313931 44.2507413,67.0836756 L103.41276,32.9254664 C102.730718,30.6154532 102.364752,28.1687503 102.364752,25.6352478 C102.364752,11.4587354 113.823488,0 128,0 C142.176512,0 153.635248,11.4587354 153.635248,25.6352478 C153.635248,28.1826393 153.265258,30.6422768 152.575995,32.9634453 Z M146.413638,43.4848713 L205.700555,77.715193 C203.867899,84.1516888 204.540515,91.2885638 208.137694,97.5461579 C211.746601,103.824151 217.625783,107.985785 224.150543,109.607654 L224.150543,178.017842 C223.818032,178.099463 223.48718,178.187674 223.158201,178.282419 L145.72529,44.1686182 C145.959017,43.9450469 146.18851,43.7170876 146.413638,43.4848713 Z M110.29093,44.1841203 L32.8593279,178.295656 C32.524559,178.19844 32.1878611,178.108015 31.8494573,178.024438 L31.8494573,109.607654 C38.3742168,107.985785 44.2533992,103.824151 47.8623055,97.5461579 C51.466599,91.276189 52.1347497,84.1234583 50.2885426,77.6770157 L109.558747,43.4563434 C109.797913,43.7038019 110.042027,43.9464469 110.29093,44.1841203 Z M135.162749,50.259763 L212.576817,184.340928 C210.844241,185.99279 209.317376,187.91755 208.064241,190.097482 C206.818484,192.264581 205.923481,194.539429 205.361818,196.855198 L50.6395564,196.855198 C50.0779798,194.540846 49.1825333,192.26635 47.9357589,190.097482 C46.6776713,187.931497 45.1539248,186.017428 43.4300297,184.372667 L120.858821,50.2659993 C123.124941,50.9200822 125.520915,51.2704957 128,51.2704957 C130.486952,51.2704957 132.890265,50.9178547 135.162749,50.259763 Z M146.958084,244.737995 L205.860107,210.729899 C205.683398,210.174924 205.525483,209.614096 205.38664,209.048468 L50.6067643,209.048468 C50.5246888,209.380792 50.4360084,209.711472 50.3407792,210.040295 L109.531782,244.215239 C114.192298,239.378545 120.739739,236.373145 128,236.373145 C135.518379,236.373145 142.272352,239.596041 146.958084,244.737995 Z"
                  fill="#E535AB"
                />
              </g>
            </svg>
          </a>
          <div
            class="MuiStack-root css-jx3v7z-MuiStack-root"
          >
            <div
              class="MuiBox-root css-axw7ok"
            >
              <span
                class="MuiTypography-root MuiTypography-button css-4ovapl-MuiTypography-root"
              >
                RU
              </span>
              <span
                class="MuiSwitch-root MuiSwitch-sizeMedium css-11pe0g5-MuiSwitch-root"
              >
                <span
                  class="MuiButtonBase-root MuiSwitch-switchBase MuiSwitch-colorPrimary Mui-checked PrivateSwitchBase-root MuiSwitch-switchBase MuiSwitch-colorPrimary Mui-checked Mui-checked css-5ryogn-MuiButtonBase-root-MuiSwitch-switchBase"
                >
                  <input
                    aria-label="controlled"
                    checked=""
                    class="PrivateSwitchBase-input MuiSwitch-input css-1m9pwf3"
                    role="switch"
                    type="checkbox"
                  />
                  <span
                    class="MuiSwitch-thumb css-jsexje-MuiSwitch-thumb"
                  />
                  <span
                    class="MuiTouchRipple-root css-8je8zh-MuiTouchRipple-root"
                  />
                </span>
                <span
                  class="MuiSwitch-track css-1yjjitx-MuiSwitch-track"
                />
              </span>
              <span
                class="MuiTypography-root MuiTypography-button css-4ovapl-MuiTypography-root"
              >
                EN
              </span>
            </div>
            <div
              class="MuiStack-root css-1e9jmkl-MuiStack-root"
            />
          </div>
        </div>
      </header>
      <main
        class="MuiContainer-root MuiContainer-maxWidthXl css-3nk3uz-MuiContainer-root"
      />
      <footer
        class="MuiContainer-root MuiContainer-maxWidthXl css-174qel6-MuiContainer-root"
      >
        <h6
          class="MuiTypography-root MuiTypography-subtitle2 css-xp95cg-MuiTypography-root"
        >
          2024
        </h6>
        <ul
          class="MuiList-root MuiList-padding css-1wsr4k-MuiList-root"
        >
          <li
            class="MuiListItem-root MuiListItem-padding css-aiu2xf-MuiListItem-root"
          >
            <a
              aria-label="Konstantin"
              class="MuiButtonBase-root MuiIconButton-root MuiIconButton-sizeMedium css-1c115fy-MuiButtonBase-root-MuiIconButton-root"
              data-mui-internal-clone-element="true"
              href="https://github.com/KikinovK"
              rel="noopener"
              tabindex="0"
              target="_blank"
            >
              <svg
                aria-hidden="true"
                aria-label="GithubIcon"
                class="MuiSvgIcon-root MuiSvgIcon-fontSizeLarge css-tzssek-MuiSvgIcon-root"
                focusable="false"
                viewBox="0 0 40 40"
                xmlns="http://www.w3.org/2000/svg"
              >
                <path
                  d="M20.0002 0C8.95583 0 0 9.18053 0 20.5062C0 29.5665 5.73066 37.2532 13.6773 39.9648C14.6769 40.1546 15.0438 39.5199 15.0438 38.9783C15.0438 38.4893 15.0253 36.8739 15.0167 35.1604C9.45262 36.4009 8.27853 32.7409 8.27853 32.7409C7.36874 30.3706 6.05788 29.7404 6.05788 29.7404C4.24326 28.4676 6.19466 28.4938 6.19466 28.4938C8.20302 28.6381 9.26053 30.607 9.26053 30.607C11.0443 33.742 13.9393 32.8356 15.0806 32.3117C15.2601 30.9866 15.7784 30.0813 16.3504 29.5696C11.9081 29.051 7.23825 27.2927 7.23825 19.4351C7.23825 17.1963 8.01954 15.367 9.29894 13.9309C9.09129 13.4141 8.40671 11.3287 9.49269 8.50409C9.49269 8.50409 11.1722 7.95295 14.9942 10.6061C16.5895 10.1517 18.3005 9.92387 20.0002 9.91606C21.6999 9.92387 23.4121 10.1517 25.0105 10.6061C28.8278 7.95295 30.505 8.50409 30.505 8.50409C31.5936 11.3287 30.9087 13.4141 30.7011 13.9309C31.9834 15.367 32.7594 17.1963 32.7594 19.4351C32.7594 27.3113 28.0806 29.0456 23.6271 29.5533C24.3444 30.1896 24.9836 31.4376 24.9836 33.3508C24.9836 36.0942 24.9605 38.3025 24.9605 38.9783C24.9605 39.524 25.3205 40.1634 26.3343 39.962C34.2766 37.2474 40 29.5634 40 20.5062C40 9.18053 31.0455 0 20.0002 0"
                  fill="white"
                />
              </svg>
              <span
                class="MuiTouchRipple-root css-8je8zh-MuiTouchRipple-root"
              />
            </a>
          </li>
          <li
            class="MuiListItem-root MuiListItem-padding css-aiu2xf-MuiListItem-root"
          >
            <a
              aria-label="Veranika"
              class="MuiButtonBase-root MuiIconButton-root MuiIconButton-sizeMedium css-1c115fy-MuiButtonBase-root-MuiIconButton-root"
              data-mui-internal-clone-element="true"
              href="https://github.com/Veronika2811"
              rel="noopener"
              tabindex="0"
              target="_blank"
            >
              <svg
                aria-hidden="true"
                aria-label="GithubIcon"
                class="MuiSvgIcon-root MuiSvgIcon-fontSizeLarge css-tzssek-MuiSvgIcon-root"
                focusable="false"
                viewBox="0 0 40 40"
                xmlns="http://www.w3.org/2000/svg"
              >
                <path
                  d="M20.0002 0C8.95583 0 0 9.18053 0 20.5062C0 29.5665 5.73066 37.2532 13.6773 39.9648C14.6769 40.1546 15.0438 39.5199 15.0438 38.9783C15.0438 38.4893 15.0253 36.8739 15.0167 35.1604C9.45262 36.4009 8.27853 32.7409 8.27853 32.7409C7.36874 30.3706 6.05788 29.7404 6.05788 29.7404C4.24326 28.4676 6.19466 28.4938 6.19466 28.4938C8.20302 28.6381 9.26053 30.607 9.26053 30.607C11.0443 33.742 13.9393 32.8356 15.0806 32.3117C15.2601 30.9866 15.7784 30.0813 16.3504 29.5696C11.9081 29.051 7.23825 27.2927 7.23825 19.4351C7.23825 17.1963 8.01954 15.367 9.29894 13.9309C9.09129 13.4141 8.40671 11.3287 9.49269 8.50409C9.49269 8.50409 11.1722 7.95295 14.9942 10.6061C16.5895 10.1517 18.3005 9.92387 20.0002 9.91606C21.6999 9.92387 23.4121 10.1517 25.0105 10.6061C28.8278 7.95295 30.505 8.50409 30.505 8.50409C31.5936 11.3287 30.9087 13.4141 30.7011 13.9309C31.9834 15.367 32.7594 17.1963 32.7594 19.4351C32.7594 27.3113 28.0806 29.0456 23.6271 29.5533C24.3444 30.1896 24.9836 31.4376 24.9836 33.3508C24.9836 36.0942 24.9605 38.3025 24.9605 38.9783C24.9605 39.524 25.3205 40.1634 26.3343 39.962C34.2766 37.2474 40 29.5634 40 20.5062C40 9.18053 31.0455 0 20.0002 0"
                  fill="white"
                />
              </svg>
              <span
                class="MuiTouchRipple-root css-8je8zh-MuiTouchRipple-root"
              />
            </a>
          </li>
          <li
            class="MuiListItem-root MuiListItem-padding css-aiu2xf-MuiListItem-root"
          >
            <a
              aria-label="Artem"
              class="MuiButtonBase-root MuiIconButton-root MuiIconButton-sizeMedium css-1c115fy-MuiButtonBase-root-MuiIconButton-root"
              data-mui-internal-clone-element="true"
              href="https://github.com/Arterixs"
              rel="noopener"
              tabindex="0"
              target="_blank"
            >
              <svg
                aria-hidden="true"
                aria-label="GithubIcon"
                class="MuiSvgIcon-root MuiSvgIcon-fontSizeLarge css-tzssek-MuiSvgIcon-root"
                focusable="false"
                viewBox="0 0 40 40"
                xmlns="http://www.w3.org/2000/svg"
              >
                <path
                  d="M20.0002 0C8.95583 0 0 9.18053 0 20.5062C0 29.5665 5.73066 37.2532 13.6773 39.9648C14.6769 40.1546 15.0438 39.5199 15.0438 38.9783C15.0438 38.4893 15.0253 36.8739 15.0167 35.1604C9.45262 36.4009 8.27853 32.7409 8.27853 32.7409C7.36874 30.3706 6.05788 29.7404 6.05788 29.7404C4.24326 28.4676 6.19466 28.4938 6.19466 28.4938C8.20302 28.6381 9.26053 30.607 9.26053 30.607C11.0443 33.742 13.9393 32.8356 15.0806 32.3117C15.2601 30.9866 15.7784 30.0813 16.3504 29.5696C11.9081 29.051 7.23825 27.2927 7.23825 19.4351C7.23825 17.1963 8.01954 15.367 9.29894 13.9309C9.09129 13.4141 8.40671 11.3287 9.49269 8.50409C9.49269 8.50409 11.1722 7.95295 14.9942 10.6061C16.5895 10.1517 18.3005 9.92387 20.0002 9.91606C21.6999 9.92387 23.4121 10.1517 25.0105 10.6061C28.8278 7.95295 30.505 8.50409 30.505 8.50409C31.5936 11.3287 30.9087 13.4141 30.7011 13.9309C31.9834 15.367 32.7594 17.1963 32.7594 19.4351C32.7594 27.3113 28.0806 29.0456 23.6271 29.5533C24.3444 30.1896 24.9836 31.4376 24.9836 33.3508C24.9836 36.0942 24.9605 38.3025 24.9605 38.9783C24.9605 39.524 25.3205 40.1634 26.3343 39.962C34.2766 37.2474 40 29.5634 40 20.5062C40 9.18053 31.0455 0 20.0002 0"
                  fill="white"
                />
              </svg>
              <span
                class="MuiTouchRipple-root css-8je8zh-MuiTouchRipple-root"
              />
            </a>
          </li>
        </ul>
        <a
          aria-label="RS School React"
          class="MuiTypography-root MuiTypography-inherit MuiLink-root MuiLink-underlineAlways css-1femj2a-MuiTypography-root-MuiLink-root"
          href="https://rs.school/react/"
          rel="noopener"
          target="_blank"
        >
          <svg
            aria-hidden="true"
            class="MuiSvgIcon-root MuiSvgIcon-fontSizeMedium css-gsme1p-MuiSvgIcon-root"
            focusable="false"
            viewBox="0 0 552.8 205.3"
            xmlns="http://www.w3.org/2000/svg"
          >
            <title>
              rs_school_js
            </title>
            <path
              d="M285.4 68l26.3-1.7c.6 4.3 1.7 7.5 3.5 9.8 2.9 3.6 6.9 5.4 12.2 5.4 3.9 0 7-.9 9.1-2.8 2-1.5 3.2-3.9 3.2-6.4 0-2.4-1.1-4.7-3-6.2-2-1.8-6.7-3.6-14.1-5.2-12.1-2.7-20.8-6.3-25.9-10.9-5.1-4.3-8-10.6-7.8-17.3 0-4.6 1.4-9.2 4-13 3-4.3 7.1-7.7 12-9.6 5.3-2.3 12.7-3.5 22-3.5 11.4 0 20.1 2.1 26.1 6.4 6 4.2 9.6 11 10.7 20.3l-26 1.5c-.7-4-2.1-6.9-4.4-8.8s-5.3-2.8-9.2-2.8c-3.2 0-5.6.7-7.2 2-1.5 1.2-2.5 3-2.4 5 0 1.5.8 2.9 2 3.8 1.3 1.2 4.4 2.3 9.3 3.3 12.1 2.6 20.7 5.2 26 7.9 5.3 2.7 9.1 6 11.4 9.9 2.4 4 3.6 8.6 3.5 13.3 0 5.6-1.6 11.2-4.8 15.9-3.3 4.9-7.9 8.7-13.3 11-5.7 2.5-12.9 3.8-21.5 3.8-15.2 0-25.7-2.9-31.6-8.8S286.1 77 285.4 68zM6.3 97.6V8.2h46.1c8.5 0 15.1.7 19.6 2.2 4.4 1.4 8.3 4.3 10.9 8.2 2.9 4.3 4.3 9.3 4.2 14.5.3 8.8-4.2 17.2-11.9 21.6-3 1.7-6.3 2.9-9.7 3.5 2.5.7 5 1.9 7.2 3.3 1.7 1.4 3.1 3 4.4 4.7 1.5 1.7 2.8 3.6 3.9 5.6l13.4 25.9H63L48.2 70.2c-1.9-3.5-3.5-5.8-5-6.9-2-1.4-4.4-2.1-6.8-2.1H34v36.3H6.3zM34 44.4h11.7c2.5-.2 4.9-.6 7.3-1.2 1.8-.3 3.4-1.3 4.5-2.8 2.7-3.6 2.3-8.7-1-11.8-1.8-1.5-5.3-2.3-10.3-2.3H34v18.1zM0 174.2l26.3-1.7c.6 4.3 1.7 7.5 3.5 9.8 2.8 3.6 6.9 5.5 12.2 5.5 3.9 0 7-.9 9.1-2.8 2-1.6 3.2-3.9 3.2-6.4 0-2.4-1.1-4.7-3-6.2-2-1.8-6.7-3.6-14.2-5.2-12.1-2.7-20.8-6.3-25.9-10.9-5.1-4.3-8-10.6-7.8-17.3 0-4.6 1.4-9.2 4-13 3-4.3 7.1-7.7 12-9.6 5.3-2.3 12.7-3.5 22-3.5 11.4 0 20.1 2.1 26.1 6.4s9.5 11 10.6 20.3l-26 1.5c-.7-4-2.1-6.9-4.4-8.8-2.2-1.9-5.3-2.8-9.2-2.7-3.2 0-5.6.7-7.2 2.1-1.6 1.2-2.5 3-2.4 5 0 1.5.8 2.9 2 3.8 1.3 1.2 4.4 2.3 9.3 3.3 12.1 2.6 20.7 5.2 26 7.9 5.3 2.7 9.1 6 11.4 9.9 2.4 4 3.6 8.6 3.6 13.2 0 5.6-1.7 11.1-4.8 15.8-3.3 4.9-7.9 8.7-13.3 11-5.7 2.5-12.9 3.8-21.5 3.8-15.2 0-25.7-2.9-31.6-8.8-5.9-6-9.2-13.4-10-22.4z"
              fill="CurrentColor"
            />
            <path
              d="M133 167.2l24.2 7.3c-1.3 6.1-4 11.9-7.7 17-3.4 4.5-7.9 8-13 10.3-5.2 2.3-11.8 3.5-19.8 3.5-9.7 0-17.7-1.4-23.8-4.2-6.2-2.8-11.5-7.8-16-14.9-4.5-7.1-6.7-16.2-6.7-27.3 0-14.8 3.9-26.2 11.8-34.1s19-11.9 33.4-11.9c11.3 0 20.1 2.3 26.6 6.8 6.4 4.6 11.2 11.6 14.4 21l-24.4 5.4c-.6-2.1-1.5-4.2-2.7-6-1.5-2.1-3.4-3.7-5.7-4.9-2.3-1.2-4.9-1.7-7.5-1.7-6.3 0-11.1 2.5-14.4 7.6-2.5 3.7-3.8 9.6-3.8 17.6 0 9.9 1.5 16.7 4.5 20.4 3 3.7 7.2 5.5 12.7 5.5 5.3 0 9.3-1.5 12-4.4 2.7-3.1 4.7-7.4 5.9-13zm56.5-52.8h27.6v31.3h30.2v-31.3h27.8v89.4h-27.8v-36.2h-30.2v36.2h-27.6v-89.4z"
              fill="CurrentColor"
            />
            <path
              d="M271.3 159.1c0-14.6 4.1-26 12.2-34.1 8.1-8.1 19.5-12.2 34-12.2 14.9 0 26.3 4 34.4 12S364 144 364 158.4c0 10.5-1.8 19-5.3 25.7-3.4 6.6-8.7 12-15.2 15.6-6.7 3.7-15 5.6-24.9 5.6-10.1 0-18.4-1.6-25-4.8-6.8-3.4-12.4-8.7-16.1-15.2-4.1-7-6.2-15.7-6.2-26.2zm27.6.1c0 9 1.7 15.5 5 19.5 3.3 3.9 7.9 5.9 13.7 5.9 5.9 0 10.5-1.9 13.8-5.8s4.9-10.8 4.9-20.8c0-8.4-1.7-14.6-5.1-18.4-3.4-3.9-8-5.8-13.8-5.8-5.1-.2-10 2-13.4 5.9-3.4 3.9-5.1 10.4-5.1 19.5zm93.4-.1c0-14.6 4.1-26 12.2-34.1 8.1-8.1 19.5-12.2 34-12.2 14.9 0 26.4 4 34.4 12S485 144 485 158.4c0 10.5-1.8 19-5.3 25.7-3.4 6.6-8.7 12-15.2 15.6-6.7 3.7-15 5.6-24.9 5.6-10.1 0-18.4-1.6-25-4.8-6.8-3.4-12.4-8.7-16.1-15.2-4.1-7-6.2-15.7-6.2-26.2zm27.6.1c0 9 1.7 15.5 5 19.5 3.3 3.9 7.9 5.9 13.7 5.9 5.9 0 10.5-1.9 13.8-5.8 3.3-3.9 4.9-10.8 4.9-20.8 0-8.4-1.7-14.6-5.1-18.4-3.4-3.9-8-5.8-13.8-5.8-5.1-.2-10.1 2-13.4 5.9-3.4 3.9-5.1 10.4-5.1 19.5z"
              fill="CurrentColor"
            />
            <path
              d="M482.1 114.4h27.6v67.4h43.1v22H482v-89.4z"
              fill="CurrentColor"
            />
            <ellipse
              class="st0"
              cx="420.5"
              cy="67.9"
              rx="63"
              ry="51.8"
              transform="rotate(-37.001 420.46 67.88)"
            />
            <g
              class="st1"
            >
              <ellipse
                class="st7"
                cx="420.5"
                cy="67.9"
                fill="#000"
                rx="63"
                ry="51.8"
                transform="rotate(-37.001 420.46 67.88)"
              />
              <path
                d="M392.4 61.3l10-7 12.3 17.5c2.1 2.8 3.7 5.8 4.9 9.1.7 2.5.5 5.2-.5 7.6-1.3 3-3.4 5.5-6.2 7.3-3.3 2.3-6.1 3.6-8.5 4-2.3.4-4.7 0-6.9-1-2.4-1.2-4.5-2.9-6.1-5.1l8.6-8c.7 1.1 1.6 2.1 2.6 2.9.7.5 1.5.8 2.4.8.7 0 1.4-.3 1.9-.7 1-.6 1.7-1.8 1.6-3-.3-1.7-1-3.4-2.1-4.7l-14-19.7zm30 11.1l9.1-7.2c1 1.2 2.3 2.1 3.7 2.6 2 .6 4.1.2 5.8-1.1 1.2-.8 2.2-1.9 2.6-3.3.6-1.8-.4-3.8-2.2-4.4-.3-.1-.6-.2-.9-.2-1.2-.1-3.3.4-6.4 1.7-5.1 2.1-9.1 2.9-12.1 2.6-2.9-.3-5.6-1.8-7.2-4.3-1.2-1.7-1.8-3.7-1.9-5.7 0-2.3.6-4.6 1.9-6.5 1.9-2.7 4.2-5 7-6.8 4.2-2.9 7.9-4.3 11.1-4.3 3.2 0 6.2 1.5 9 4.6l-9 7.1c-1.8-2.3-5.2-2.8-7.5-1l-.3.3c-1 .6-1.7 1.5-2.1 2.6-.3.8-.1 1.7.4 2.4.4.5 1 .9 1.7.9.8.1 2.2-.3 4.2-1.2 5-2.1 8.8-3.3 11.4-3.7 2.2-.4 4.5-.2 6.6.7 1.9.8 3.5 2.2 4.6 3.9 1.4 2 2.2 4.4 2.3 6.9.1 2.6-.6 5.1-2 7.3-1.8 2.7-4.1 5-6.8 6.8-5.5 3.8-10 5.4-13.6 4.8-3.9-.6-7.1-2.6-9.4-5.5z"
                fill="CurrentColor"
              />
            </g>
          </svg>
        </a>
      </footer>
    </div>
  </body>,
  "container": <div>
    <header
      class="MuiPaper-root MuiPaper-elevation MuiPaper-elevation4 MuiAppBar-root MuiAppBar-colorPrimary MuiAppBar-positionSticky css-1c4k0hn-MuiPaper-root-MuiAppBar-root"
    >
      <div
        class="MuiContainer-root MuiContainer-maxWidthXl css-fx5za9-MuiContainer-root"
      >
        <a
          aria-label="link-welcome"
          class="MuiTypography-root MuiTypography-inherit MuiLink-root MuiLink-underlineAlways css-emsytx-MuiTypography-root-MuiLink-root"
          data-mui-internal-clone-element="true"
          href="#/welcome"
        >
          <svg
            aria-hidden="true"
            class="MuiSvgIcon-root MuiSvgIcon-fontSizeMedium css-109buvh-MuiSvgIcon-root"
            focusable="false"
            preserveAspectRatio="xMidYMid"
            viewBox="-16 0 288 288"
            xmlns="http://www.w3.org/2000/svg"
          >
            <g
              fill-rule="evenodd"
            >
              <path
                d="M152.575995,32.9634453 L211.722058,67.1124427 C213.387503,65.348329 215.332859,63.7907081 217.539734,62.5088708 C229.806457,55.4573413 245.452038,59.6441869 252.577021,71.9109101 C259.62855,84.1776333 255.441705,99.8232143 243.174982,106.948197 C240.984974,108.207124 238.684929,109.10784 236.343812,109.66832 L236.343812,177.99302 C238.659582,178.554683 240.934429,179.449686 243.101528,180.695443 C255.441705,187.820426 259.62855,203.466007 252.503568,215.73273 C245.452038,227.999453 229.733004,232.186299 217.46628,225.13477 C215.024105,223.730884 212.902189,221.983449 211.125456,219.988103 L152.340162,253.928803 C153.180519,256.46808 153.635248,259.18431 153.635248,262.008393 C153.635248,276.111452 142.176512,287.64364 128,287.64364 C113.823488,287.64364 102.364752,276.184905 102.364752,262.008393 C102.364752,259.488481 102.726802,257.054441 103.40181,254.755362 L44.2714887,220.615454 C42.6238257,222.34493 40.705394,223.873378 38.5337196,225.13477 C26.193543,232.186299 10.547962,227.999453 3.49643248,215.73273 C-3.55509701,203.466007 0.631748621,187.820426 12.8984718,180.695443 C15.0673397,179.448669 17.3418356,178.553222 19.6561876,177.991646 L19.6561876,109.66832 C17.3150714,109.10784 15.0150257,108.207124 12.8250184,106.948197 C0.558295189,99.8966677 -3.62855044,84.1776333 3.42297904,71.9109101 C10.4745085,59.6441869 26.193543,55.4573413 38.4602662,62.5088708 C40.6551374,63.7837361 42.5913269,65.3313931 44.2507413,67.0836756 L103.41276,32.9254664 C102.730718,30.6154532 102.364752,28.1687503 102.364752,25.6352478 C102.364752,11.4587354 113.823488,0 128,0 C142.176512,0 153.635248,11.4587354 153.635248,25.6352478 C153.635248,28.1826393 153.265258,30.6422768 152.575995,32.9634453 Z M146.413638,43.4848713 L205.700555,77.715193 C203.867899,84.1516888 204.540515,91.2885638 208.137694,97.5461579 C211.746601,103.824151 217.625783,107.985785 224.150543,109.607654 L224.150543,178.017842 C223.818032,178.099463 223.48718,178.187674 223.158201,178.282419 L145.72529,44.1686182 C145.959017,43.9450469 146.18851,43.7170876 146.413638,43.4848713 Z M110.29093,44.1841203 L32.8593279,178.295656 C32.524559,178.19844 32.1878611,178.108015 31.8494573,178.024438 L31.8494573,109.607654 C38.3742168,107.985785 44.2533992,103.824151 47.8623055,97.5461579 C51.466599,91.276189 52.1347497,84.1234583 50.2885426,77.6770157 L109.558747,43.4563434 C109.797913,43.7038019 110.042027,43.9464469 110.29093,44.1841203 Z M135.162749,50.259763 L212.576817,184.340928 C210.844241,185.99279 209.317376,187.91755 208.064241,190.097482 C206.818484,192.264581 205.923481,194.539429 205.361818,196.855198 L50.6395564,196.855198 C50.0779798,194.540846 49.1825333,192.26635 47.9357589,190.097482 C46.6776713,187.931497 45.1539248,186.017428 43.4300297,184.372667 L120.858821,50.2659993 C123.124941,50.9200822 125.520915,51.2704957 128,51.2704957 C130.486952,51.2704957 132.890265,50.9178547 135.162749,50.259763 Z M146.958084,244.737995 L205.860107,210.729899 C205.683398,210.174924 205.525483,209.614096 205.38664,209.048468 L50.6067643,209.048468 C50.5246888,209.380792 50.4360084,209.711472 50.3407792,210.040295 L109.531782,244.215239 C114.192298,239.378545 120.739739,236.373145 128,236.373145 C135.518379,236.373145 142.272352,239.596041 146.958084,244.737995 Z"
                fill="#E535AB"
              />
            </g>
          </svg>
        </a>
        <div
          class="MuiStack-root css-jx3v7z-MuiStack-root"
        >
          <div
            class="MuiBox-root css-axw7ok"
          >
            <span
              class="MuiTypography-root MuiTypography-button css-4ovapl-MuiTypography-root"
            >
              RU
            </span>
            <span
              class="MuiSwitch-root MuiSwitch-sizeMedium css-11pe0g5-MuiSwitch-root"
            >
              <span
                class="MuiButtonBase-root MuiSwitch-switchBase MuiSwitch-colorPrimary Mui-checked PrivateSwitchBase-root MuiSwitch-switchBase MuiSwitch-colorPrimary Mui-checked Mui-checked css-5ryogn-MuiButtonBase-root-MuiSwitch-switchBase"
              >
                <input
                  aria-label="controlled"
                  checked=""
                  class="PrivateSwitchBase-input MuiSwitch-input css-1m9pwf3"
                  role="switch"
                  type="checkbox"
                />
                <span
                  class="MuiSwitch-thumb css-jsexje-MuiSwitch-thumb"
                />
                <span
                  class="MuiTouchRipple-root css-8je8zh-MuiTouchRipple-root"
                />
              </span>
              <span
                class="MuiSwitch-track css-1yjjitx-MuiSwitch-track"
              />
            </span>
            <span
              class="MuiTypography-root MuiTypography-button css-4ovapl-MuiTypography-root"
            >
              EN
            </span>
          </div>
          <div
            class="MuiStack-root css-1e9jmkl-MuiStack-root"
          />
        </div>
      </div>
    </header>
    <main
      class="MuiContainer-root MuiContainer-maxWidthXl css-3nk3uz-MuiContainer-root"
    />
    <footer
      class="MuiContainer-root MuiContainer-maxWidthXl css-174qel6-MuiContainer-root"
    >
      <h6
        class="MuiTypography-root MuiTypography-subtitle2 css-xp95cg-MuiTypography-root"
      >
        2024
      </h6>
      <ul
        class="MuiList-root MuiList-padding css-1wsr4k-MuiList-root"
      >
        <li
          class="MuiListItem-root MuiListItem-padding css-aiu2xf-MuiListItem-root"
        >
          <a
            aria-label="Konstantin"
            class="MuiButtonBase-root MuiIconButton-root MuiIconButton-sizeMedium css-1c115fy-MuiButtonBase-root-MuiIconButton-root"
            data-mui-internal-clone-element="true"
            href="https://github.com/KikinovK"
            rel="noopener"
            tabindex="0"
            target="_blank"
          >
            <svg
              aria-hidden="true"
              aria-label="GithubIcon"
              class="MuiSvgIcon-root MuiSvgIcon-fontSizeLarge css-tzssek-MuiSvgIcon-root"
              focusable="false"
              viewBox="0 0 40 40"
              xmlns="http://www.w3.org/2000/svg"
            >
              <path
                d="M20.0002 0C8.95583 0 0 9.18053 0 20.5062C0 29.5665 5.73066 37.2532 13.6773 39.9648C14.6769 40.1546 15.0438 39.5199 15.0438 38.9783C15.0438 38.4893 15.0253 36.8739 15.0167 35.1604C9.45262 36.4009 8.27853 32.7409 8.27853 32.7409C7.36874 30.3706 6.05788 29.7404 6.05788 29.7404C4.24326 28.4676 6.19466 28.4938 6.19466 28.4938C8.20302 28.6381 9.26053 30.607 9.26053 30.607C11.0443 33.742 13.9393 32.8356 15.0806 32.3117C15.2601 30.9866 15.7784 30.0813 16.3504 29.5696C11.9081 29.051 7.23825 27.2927 7.23825 19.4351C7.23825 17.1963 8.01954 15.367 9.29894 13.9309C9.09129 13.4141 8.40671 11.3287 9.49269 8.50409C9.49269 8.50409 11.1722 7.95295 14.9942 10.6061C16.5895 10.1517 18.3005 9.92387 20.0002 9.91606C21.6999 9.92387 23.4121 10.1517 25.0105 10.6061C28.8278 7.95295 30.505 8.50409 30.505 8.50409C31.5936 11.3287 30.9087 13.4141 30.7011 13.9309C31.9834 15.367 32.7594 17.1963 32.7594 19.4351C32.7594 27.3113 28.0806 29.0456 23.6271 29.5533C24.3444 30.1896 24.9836 31.4376 24.9836 33.3508C24.9836 36.0942 24.9605 38.3025 24.9605 38.9783C24.9605 39.524 25.3205 40.1634 26.3343 39.962C34.2766 37.2474 40 29.5634 40 20.5062C40 9.18053 31.0455 0 20.0002 0"
                fill="white"
              />
            </svg>
            <span
              class="MuiTouchRipple-root css-8je8zh-MuiTouchRipple-root"
            />
          </a>
        </li>
        <li
          class="MuiListItem-root MuiListItem-padding css-aiu2xf-MuiListItem-root"
        >
          <a
            aria-label="Veranika"
            class="MuiButtonBase-root MuiIconButton-root MuiIconButton-sizeMedium css-1c115fy-MuiButtonBase-root-MuiIconButton-root"
            data-mui-internal-clone-element="true"
            href="https://github.com/Veronika2811"
            rel="noopener"
            tabindex="0"
            target="_blank"
          >
            <svg
              aria-hidden="true"
              aria-label="GithubIcon"
              class="MuiSvgIcon-root MuiSvgIcon-fontSizeLarge css-tzssek-MuiSvgIcon-root"
              focusable="false"
              viewBox="0 0 40 40"
              xmlns="http://www.w3.org/2000/svg"
            >
              <path
                d="M20.0002 0C8.95583 0 0 9.18053 0 20.5062C0 29.5665 5.73066 37.2532 13.6773 39.9648C14.6769 40.1546 15.0438 39.5199 15.0438 38.9783C15.0438 38.4893 15.0253 36.8739 15.0167 35.1604C9.45262 36.4009 8.27853 32.7409 8.27853 32.7409C7.36874 30.3706 6.05788 29.7404 6.05788 29.7404C4.24326 28.4676 6.19466 28.4938 6.19466 28.4938C8.20302 28.6381 9.26053 30.607 9.26053 30.607C11.0443 33.742 13.9393 32.8356 15.0806 32.3117C15.2601 30.9866 15.7784 30.0813 16.3504 29.5696C11.9081 29.051 7.23825 27.2927 7.23825 19.4351C7.23825 17.1963 8.01954 15.367 9.29894 13.9309C9.09129 13.4141 8.40671 11.3287 9.49269 8.50409C9.49269 8.50409 11.1722 7.95295 14.9942 10.6061C16.5895 10.1517 18.3005 9.92387 20.0002 9.91606C21.6999 9.92387 23.4121 10.1517 25.0105 10.6061C28.8278 7.95295 30.505 8.50409 30.505 8.50409C31.5936 11.3287 30.9087 13.4141 30.7011 13.9309C31.9834 15.367 32.7594 17.1963 32.7594 19.4351C32.7594 27.3113 28.0806 29.0456 23.6271 29.5533C24.3444 30.1896 24.9836 31.4376 24.9836 33.3508C24.9836 36.0942 24.9605 38.3025 24.9605 38.9783C24.9605 39.524 25.3205 40.1634 26.3343 39.962C34.2766 37.2474 40 29.5634 40 20.5062C40 9.18053 31.0455 0 20.0002 0"
                fill="white"
              />
            </svg>
            <span
              class="MuiTouchRipple-root css-8je8zh-MuiTouchRipple-root"
            />
          </a>
        </li>
        <li
          class="MuiListItem-root MuiListItem-padding css-aiu2xf-MuiListItem-root"
        >
          <a
            aria-label="Artem"
            class="MuiButtonBase-root MuiIconButton-root MuiIconButton-sizeMedium css-1c115fy-MuiButtonBase-root-MuiIconButton-root"
            data-mui-internal-clone-element="true"
            href="https://github.com/Arterixs"
            rel="noopener"
            tabindex="0"
            target="_blank"
          >
            <svg
              aria-hidden="true"
              aria-label="GithubIcon"
              class="MuiSvgIcon-root MuiSvgIcon-fontSizeLarge css-tzssek-MuiSvgIcon-root"
              focusable="false"
              viewBox="0 0 40 40"
              xmlns="http://www.w3.org/2000/svg"
            >
              <path
                d="M20.0002 0C8.95583 0 0 9.18053 0 20.5062C0 29.5665 5.73066 37.2532 13.6773 39.9648C14.6769 40.1546 15.0438 39.5199 15.0438 38.9783C15.0438 38.4893 15.0253 36.8739 15.0167 35.1604C9.45262 36.4009 8.27853 32.7409 8.27853 32.7409C7.36874 30.3706 6.05788 29.7404 6.05788 29.7404C4.24326 28.4676 6.19466 28.4938 6.19466 28.4938C8.20302 28.6381 9.26053 30.607 9.26053 30.607C11.0443 33.742 13.9393 32.8356 15.0806 32.3117C15.2601 30.9866 15.7784 30.0813 16.3504 29.5696C11.9081 29.051 7.23825 27.2927 7.23825 19.4351C7.23825 17.1963 8.01954 15.367 9.29894 13.9309C9.09129 13.4141 8.40671 11.3287 9.49269 8.50409C9.49269 8.50409 11.1722 7.95295 14.9942 10.6061C16.5895 10.1517 18.3005 9.92387 20.0002 9.91606C21.6999 9.92387 23.4121 10.1517 25.0105 10.6061C28.8278 7.95295 30.505 8.50409 30.505 8.50409C31.5936 11.3287 30.9087 13.4141 30.7011 13.9309C31.9834 15.367 32.7594 17.1963 32.7594 19.4351C32.7594 27.3113 28.0806 29.0456 23.6271 29.5533C24.3444 30.1896 24.9836 31.4376 24.9836 33.3508C24.9836 36.0942 24.9605 38.3025 24.9605 38.9783C24.9605 39.524 25.3205 40.1634 26.3343 39.962C34.2766 37.2474 40 29.5634 40 20.5062C40 9.18053 31.0455 0 20.0002 0"
                fill="white"
              />
            </svg>
            <span
              class="MuiTouchRipple-root css-8je8zh-MuiTouchRipple-root"
            />
          </a>
        </li>
      </ul>
      <a
        aria-label="RS School React"
        class="MuiTypography-root MuiTypography-inherit MuiLink-root MuiLink-underlineAlways css-1femj2a-MuiTypography-root-MuiLink-root"
        href="https://rs.school/react/"
        rel="noopener"
        target="_blank"
      >
        <svg
          aria-hidden="true"
          class="MuiSvgIcon-root MuiSvgIcon-fontSizeMedium css-gsme1p-MuiSvgIcon-root"
          focusable="false"
          viewBox="0 0 552.8 205.3"
          xmlns="http://www.w3.org/2000/svg"
        >
          <title>
            rs_school_js
          </title>
          <path
            d="M285.4 68l26.3-1.7c.6 4.3 1.7 7.5 3.5 9.8 2.9 3.6 6.9 5.4 12.2 5.4 3.9 0 7-.9 9.1-2.8 2-1.5 3.2-3.9 3.2-6.4 0-2.4-1.1-4.7-3-6.2-2-1.8-6.7-3.6-14.1-5.2-12.1-2.7-20.8-6.3-25.9-10.9-5.1-4.3-8-10.6-7.8-17.3 0-4.6 1.4-9.2 4-13 3-4.3 7.1-7.7 12-9.6 5.3-2.3 12.7-3.5 22-3.5 11.4 0 20.1 2.1 26.1 6.4 6 4.2 9.6 11 10.7 20.3l-26 1.5c-.7-4-2.1-6.9-4.4-8.8s-5.3-2.8-9.2-2.8c-3.2 0-5.6.7-7.2 2-1.5 1.2-2.5 3-2.4 5 0 1.5.8 2.9 2 3.8 1.3 1.2 4.4 2.3 9.3 3.3 12.1 2.6 20.7 5.2 26 7.9 5.3 2.7 9.1 6 11.4 9.9 2.4 4 3.6 8.6 3.5 13.3 0 5.6-1.6 11.2-4.8 15.9-3.3 4.9-7.9 8.7-13.3 11-5.7 2.5-12.9 3.8-21.5 3.8-15.2 0-25.7-2.9-31.6-8.8S286.1 77 285.4 68zM6.3 97.6V8.2h46.1c8.5 0 15.1.7 19.6 2.2 4.4 1.4 8.3 4.3 10.9 8.2 2.9 4.3 4.3 9.3 4.2 14.5.3 8.8-4.2 17.2-11.9 21.6-3 1.7-6.3 2.9-9.7 3.5 2.5.7 5 1.9 7.2 3.3 1.7 1.4 3.1 3 4.4 4.7 1.5 1.7 2.8 3.6 3.9 5.6l13.4 25.9H63L48.2 70.2c-1.9-3.5-3.5-5.8-5-6.9-2-1.4-4.4-2.1-6.8-2.1H34v36.3H6.3zM34 44.4h11.7c2.5-.2 4.9-.6 7.3-1.2 1.8-.3 3.4-1.3 4.5-2.8 2.7-3.6 2.3-8.7-1-11.8-1.8-1.5-5.3-2.3-10.3-2.3H34v18.1zM0 174.2l26.3-1.7c.6 4.3 1.7 7.5 3.5 9.8 2.8 3.6 6.9 5.5 12.2 5.5 3.9 0 7-.9 9.1-2.8 2-1.6 3.2-3.9 3.2-6.4 0-2.4-1.1-4.7-3-6.2-2-1.8-6.7-3.6-14.2-5.2-12.1-2.7-20.8-6.3-25.9-10.9-5.1-4.3-8-10.6-7.8-17.3 0-4.6 1.4-9.2 4-13 3-4.3 7.1-7.7 12-9.6 5.3-2.3 12.7-3.5 22-3.5 11.4 0 20.1 2.1 26.1 6.4s9.5 11 10.6 20.3l-26 1.5c-.7-4-2.1-6.9-4.4-8.8-2.2-1.9-5.3-2.8-9.2-2.7-3.2 0-5.6.7-7.2 2.1-1.6 1.2-2.5 3-2.4 5 0 1.5.8 2.9 2 3.8 1.3 1.2 4.4 2.3 9.3 3.3 12.1 2.6 20.7 5.2 26 7.9 5.3 2.7 9.1 6 11.4 9.9 2.4 4 3.6 8.6 3.6 13.2 0 5.6-1.7 11.1-4.8 15.8-3.3 4.9-7.9 8.7-13.3 11-5.7 2.5-12.9 3.8-21.5 3.8-15.2 0-25.7-2.9-31.6-8.8-5.9-6-9.2-13.4-10-22.4z"
            fill="CurrentColor"
          />
          <path
            d="M133 167.2l24.2 7.3c-1.3 6.1-4 11.9-7.7 17-3.4 4.5-7.9 8-13 10.3-5.2 2.3-11.8 3.5-19.8 3.5-9.7 0-17.7-1.4-23.8-4.2-6.2-2.8-11.5-7.8-16-14.9-4.5-7.1-6.7-16.2-6.7-27.3 0-14.8 3.9-26.2 11.8-34.1s19-11.9 33.4-11.9c11.3 0 20.1 2.3 26.6 6.8 6.4 4.6 11.2 11.6 14.4 21l-24.4 5.4c-.6-2.1-1.5-4.2-2.7-6-1.5-2.1-3.4-3.7-5.7-4.9-2.3-1.2-4.9-1.7-7.5-1.7-6.3 0-11.1 2.5-14.4 7.6-2.5 3.7-3.8 9.6-3.8 17.6 0 9.9 1.5 16.7 4.5 20.4 3 3.7 7.2 5.5 12.7 5.5 5.3 0 9.3-1.5 12-4.4 2.7-3.1 4.7-7.4 5.9-13zm56.5-52.8h27.6v31.3h30.2v-31.3h27.8v89.4h-27.8v-36.2h-30.2v36.2h-27.6v-89.4z"
            fill="CurrentColor"
          />
          <path
            d="M271.3 159.1c0-14.6 4.1-26 12.2-34.1 8.1-8.1 19.5-12.2 34-12.2 14.9 0 26.3 4 34.4 12S364 144 364 158.4c0 10.5-1.8 19-5.3 25.7-3.4 6.6-8.7 12-15.2 15.6-6.7 3.7-15 5.6-24.9 5.6-10.1 0-18.4-1.6-25-4.8-6.8-3.4-12.4-8.7-16.1-15.2-4.1-7-6.2-15.7-6.2-26.2zm27.6.1c0 9 1.7 15.5 5 19.5 3.3 3.9 7.9 5.9 13.7 5.9 5.9 0 10.5-1.9 13.8-5.8s4.9-10.8 4.9-20.8c0-8.4-1.7-14.6-5.1-18.4-3.4-3.9-8-5.8-13.8-5.8-5.1-.2-10 2-13.4 5.9-3.4 3.9-5.1 10.4-5.1 19.5zm93.4-.1c0-14.6 4.1-26 12.2-34.1 8.1-8.1 19.5-12.2 34-12.2 14.9 0 26.4 4 34.4 12S485 144 485 158.4c0 10.5-1.8 19-5.3 25.7-3.4 6.6-8.7 12-15.2 15.6-6.7 3.7-15 5.6-24.9 5.6-10.1 0-18.4-1.6-25-4.8-6.8-3.4-12.4-8.7-16.1-15.2-4.1-7-6.2-15.7-6.2-26.2zm27.6.1c0 9 1.7 15.5 5 19.5 3.3 3.9 7.9 5.9 13.7 5.9 5.9 0 10.5-1.9 13.8-5.8 3.3-3.9 4.9-10.8 4.9-20.8 0-8.4-1.7-14.6-5.1-18.4-3.4-3.9-8-5.8-13.8-5.8-5.1-.2-10.1 2-13.4 5.9-3.4 3.9-5.1 10.4-5.1 19.5z"
            fill="CurrentColor"
          />
          <path
            d="M482.1 114.4h27.6v67.4h43.1v22H482v-89.4z"
            fill="CurrentColor"
          />
          <ellipse
            class="st0"
            cx="420.5"
            cy="67.9"
            rx="63"
            ry="51.8"
            transform="rotate(-37.001 420.46 67.88)"
          />
          <g
            class="st1"
          >
            <ellipse
              class="st7"
              cx="420.5"
              cy="67.9"
              fill="#000"
              rx="63"
              ry="51.8"
              transform="rotate(-37.001 420.46 67.88)"
            />
            <path
              d="M392.4 61.3l10-7 12.3 17.5c2.1 2.8 3.7 5.8 4.9 9.1.7 2.5.5 5.2-.5 7.6-1.3 3-3.4 5.5-6.2 7.3-3.3 2.3-6.1 3.6-8.5 4-2.3.4-4.7 0-6.9-1-2.4-1.2-4.5-2.9-6.1-5.1l8.6-8c.7 1.1 1.6 2.1 2.6 2.9.7.5 1.5.8 2.4.8.7 0 1.4-.3 1.9-.7 1-.6 1.7-1.8 1.6-3-.3-1.7-1-3.4-2.1-4.7l-14-19.7zm30 11.1l9.1-7.2c1 1.2 2.3 2.1 3.7 2.6 2 .6 4.1.2 5.8-1.1 1.2-.8 2.2-1.9 2.6-3.3.6-1.8-.4-3.8-2.2-4.4-.3-.1-.6-.2-.9-.2-1.2-.1-3.3.4-6.4 1.7-5.1 2.1-9.1 2.9-12.1 2.6-2.9-.3-5.6-1.8-7.2-4.3-1.2-1.7-1.8-3.7-1.9-5.7 0-2.3.6-4.6 1.9-6.5 1.9-2.7 4.2-5 7-6.8 4.2-2.9 7.9-4.3 11.1-4.3 3.2 0 6.2 1.5 9 4.6l-9 7.1c-1.8-2.3-5.2-2.8-7.5-1l-.3.3c-1 .6-1.7 1.5-2.1 2.6-.3.8-.1 1.7.4 2.4.4.5 1 .9 1.7.9.8.1 2.2-.3 4.2-1.2 5-2.1 8.8-3.3 11.4-3.7 2.2-.4 4.5-.2 6.6.7 1.9.8 3.5 2.2 4.6 3.9 1.4 2 2.2 4.4 2.3 6.9.1 2.6-.6 5.1-2 7.3-1.8 2.7-4.1 5-6.8 6.8-5.5 3.8-10 5.4-13.6 4.8-3.9-.6-7.1-2.6-9.4-5.5z"
              fill="CurrentColor"
            />
          </g>
        </svg>
      </a>
    </footer>
  </div>,
  "debug": [Function],
  "findAllByAltText": [Function],
  "findAllByDisplayValue": [Function],
  "findAllByLabelText": [Function],
  "findAllByPlaceholderText": [Function],
  "findAllByRole": [Function],
  "findAllByTestId": [Function],
  "findAllByText": [Function],
  "findAllByTitle": [Function],
  "findByAltText": [Function],
  "findByDisplayValue": [Function],
  "findByLabelText": [Function],
  "findByPlaceholderText": [Function],
  "findByRole": [Function],
  "findByTestId": [Function],
  "findByText": [Function],
  "findByTitle": [Function],
  "getAllByAltText": [Function],
  "getAllByDisplayValue": [Function],
  "getAllByLabelText": [Function],
  "getAllByPlaceholderText": [Function],
  "getAllByRole": [Function],
  "getAllByTestId": [Function],
  "getAllByText": [Function],
  "getAllByTitle": [Function],
  "getByAltText": [Function],
  "getByDisplayValue": [Function],
  "getByLabelText": [Function],
  "getByPlaceholderText": [Function],
  "getByRole": [Function],
  "getByTestId": [Function],
  "getByText": [Function],
  "getByTitle": [Function],
  "queryAllByAltText": [Function],
  "queryAllByDisplayValue": [Function],
  "queryAllByLabelText": [Function],
  "queryAllByPlaceholderText": [Function],
  "queryAllByRole": [Function],
  "queryAllByTestId": [Function],
  "queryAllByText": [Function],
  "queryAllByTitle": [Function],
  "queryByAltText": [Function],
  "queryByDisplayValue": [Function],
  "queryByLabelText": [Function],
  "queryByPlaceholderText": [Function],
  "queryByRole": [Function],
  "queryByTestId": [Function],
  "queryByText": [Function],
  "queryByTitle": [Function],
  "rerender": [Function],
  "unmount": [Function],
}
`;
